[2025-11-19T09:46:21.336917] Notify Laravel HTTPError 404: Not Found
[2025-11-19T10:01:35.607348] Notify Laravel HTTPError 404: Not Found
[2025-11-19T10:10:09.117175] Notify Laravel ok 200: {"ok":true}
[2025-11-19T10:21:25.951295] Notify Laravel ok 200: {"ok":true}
[2025-11-19T10:29:45.135026] Notify Laravel ok 200: {"ok":true,"inserted":0}
[2025-11-19T10:38:25.775964] Notify Laravel ok 200: {"ok":true,"inserted":0}
[2025-11-19T10:39:16.323507] Notify Laravel ok 200: {"ok":true,"inserted":0}
[2025-11-19T10:44:07.050808] RESULT all 1503848766-27293028076 counts review_raw=28 sentiment=28 trust=28 backend_dir=D:\Iman874\Documents\Github\Mobile-App-CommentTrust\backend\app-backend-flask\output\comment\1503848766-27293028076\indobert
[2025-11-19T10:44:07.098479] Notify Laravel attempt 1 failed: HTTP Error 422: Unprocessable Content
[2025-11-19T10:44:09.256839] RESULT all 1503848766-27293028076 counts review_raw=28 sentiment=28 trust=28 backend_dir=D:\Iman874\Documents\Github\Mobile-App-CommentTrust\backend\app-backend-flask\output\comment\1503848766-27293028076\indobert
[2025-11-19T10:44:09.279021] Notify Laravel attempt 2 failed: HTTP Error 422: Unprocessable Content
[2025-11-19T10:44:13.444459] RESULT all 1503848766-27293028076 counts review_raw=28 sentiment=28 trust=28 backend_dir=D:\Iman874\Documents\Github\Mobile-App-CommentTrust\backend\app-backend-flask\output\comment\1503848766-27293028076\indobert
[2025-11-19T10:44:13.500508] Notify Laravel attempt 3 failed: HTTP Error 422: Unprocessable Content
[2025-11-19T10:58:14.213931] RESULT all 1503848766-27293028076 counts review_raw=28 sentiment=28 trust=28 backend_dir=D:\Iman874\Documents\Github\Mobile-App-CommentTrust\backend\app-backend-flask\output\comment\1503848766-27293028076\indobert
[2025-11-19T10:58:14.244820] Notify Laravel attempt 1 failed: HTTP Error 502: Bad Gateway
[2025-11-19T10:58:16.449135] RESULT all 1503848766-27293028076 counts review_raw=28 sentiment=28 trust=28 backend_dir=D:\Iman874\Documents\Github\Mobile-App-CommentTrust\backend\app-backend-flask\output\comment\1503848766-27293028076\indobert
[2025-11-19T10:58:16.467719] Notify Laravel attempt 2 failed: HTTP Error 502: Bad Gateway
[2025-11-19T10:58:20.615489] RESULT all 1503848766-27293028076 counts review_raw=28 sentiment=28 trust=28 backend_dir=D:\Iman874\Documents\Github\Mobile-App-CommentTrust\backend\app-backend-flask\output\comment\1503848766-27293028076\indobert
[2025-11-19T10:58:20.634700] Notify Laravel attempt 3 failed: HTTP Error 502: Bad Gateway
[2025-11-19T11:03:01.734972] RESULT all 1503848766-27293028076 counts review_raw=28 sentiment=28 trust=28 backend_dir=D:\Iman874\Documents\Github\Mobile-App-CommentTrust\backend\app-backend-flask\output\comment\1503848766-27293028076\indobert
[2025-11-19T11:03:01.736593] SANITIZE JSON 1503848766-27293028076 done
[2025-11-19T11:03:01.820670] Notify Laravel ok 200: {"ok":true,"inserted":28,"product_id":"1503848766-27293028076"}
[2025-11-19T12:38:10.765302] RESULT all 1101386382-23860528324 counts review_raw=650 sentiment=650 trust=650 backend_dir=D:\Iman874\Documents\Github\Mobile-App-CommentTrust\backend\app-backend-flask\output\comment\1101386382-23860528324\indobert
[2025-11-19T12:38:10.785108] SANITIZE JSON 1101386382-23860528324 done
[2025-11-19T12:38:11.038623] Notify Laravel ok 200: {"ok":true,"inserted":650,"product_id":"1101386382-23860528324"}
[2025-12-03T12:03:41.731274] RESULT all 1101386382-23860528324 counts review_raw=655 sentiment=655 trust=655 backend_dir=D:\Iman874\Documents\Github\Mobile-App-CommentTrust\backend\app-backend-flask\output\comment\1101386382-23860528324\indobert
[2025-12-03T12:03:41.764286] SANITIZE JSON 1101386382-23860528324 done
[2025-12-03T12:03:42.065013] Notify Laravel ok 200: {"ok":true,"inserted":655,"product_id":"1101386382-23860528324"}
[2025-12-03T12:17:47.007063] Laravel: data exists for 1101386382-23860528324; using cached DB (no overwrite)
[2025-12-03T12:17:47.023128] Notify Laravel ok 200: {"ok":true,"message":"already ingested; skip (no force)"}
[2025-12-03T15:29:01.725426] RESULT all 1101386382-23860528324 counts review_raw=675 sentiment=675 trust=675 backend_dir=D:\Iman874\Documents\Github\Mobile-App-CommentTrust\backend\app-backend-flask\output\comment\1101386382-23860528324\indobert
[2025-12-03T15:29:01.749693] SANITIZE JSON 1101386382-23860528324 done
[2025-12-03T15:29:01.997799] Notify Laravel ok 200: {"ok":true,"inserted":675,"product_id":"1101386382-23860528324"}
[2025-12-03T15:33:40.535771] Laravel: data exists for 1101386382-23860528324; using cached DB (no overwrite)
[2025-12-03T15:33:40.556784] Notify Laravel ok 200: {"ok":true,"message":"already ingested; skip (no force)"}
[2025-12-03T15:34:11.752511] RESULT all 1101386382-23860528324 counts review_raw=675 sentiment=675 trust=675 backend_dir=D:\Iman874\Documents\Github\Mobile-App-CommentTrust\backend\app-backend-flask\output\comment\1101386382-23860528324\indobert
[2025-12-03T15:34:11.779506] SANITIZE JSON 1101386382-23860528324 done
[2025-12-03T15:34:11.995228] Notify Laravel ok 200: {"ok":true,"inserted":675,"product_id":"1101386382-23860528324"}
[2025-12-03T15:34:20.694401] RESULT all 1101386382-23860528324 counts review_raw=675 sentiment=675 trust=675 backend_dir=D:\Iman874\Documents\Github\Mobile-App-CommentTrust\backend\app-backend-flask\output\comment\1101386382-23860528324\indobert
[2025-12-03T15:34:20.714401] SANITIZE JSON 1101386382-23860528324 done
[2025-12-03T15:34:20.932412] Notify Laravel ok 200: {"ok":true,"inserted":675,"product_id":"1101386382-23860528324"}
[2025-12-03T21:13:09.511682] Laravel: data exists for 1101386382-23860528324; using cached DB (no overwrite)
[2025-12-03T21:13:09.552942] Notify Laravel ok 200: {"ok":true,"message":"already ingested; skip (no force)"}
