[2025-11-19T10:43:37.664904] START job for link: https://shopee.co.id/-Free-Case-Laptop-KLOURUS-Laptop-2in1-360°-Flip-Touchscreen-Intel-N4020-13.3-RAM-16GB-SSD-256GB-IPS-HD-Win11-Bisa-Jadi-Tablet-Cocok-untuk-Belajar-Kerja-Hiburan-Gratis-Stylus-Pen-Garansi-1-Tahun-KLOURUS-Official-Store-​-i.1503848766.27293028076
[2025-11-19T10:43:37.667450] FORCE SCRAPE: cleared previous review dir
[2025-11-19T10:43:37.668925] SCRAPER using user profile: user-data=C:\Users\Acer\AppData\Local\Microsoft\Edge\User Data profile=Profile 8
[2025-11-19T10:43:46.342567] SCRAPER injected 27 cookies from cookies.json into session
[2025-11-19T10:43:50.827595] SCRAPER product tab detected; proceeding
[2025-11-19T10:43:50.834499] SCRAPER fetch product data
[2025-11-19T10:43:52.550080] SCRAPER fetch comments
[2025-11-19T10:43:53.493490] SCRAPER page 1: collected 20/56
[2025-11-19T10:43:55.309435] SCRAPER page 2: collected 28/56
[2025-11-19T10:43:55.316445] SCRAPER finished; total 28 reviews saved
[2025-11-19T10:43:57.333931] SCRAPER finished
[2025-11-19T10:43:57.334913] ANALYSIS 5% :: init: resolve input
[2025-11-19T10:43:57.348466] ANALYSIS 10% :: [01] preprocess
[2025-11-19T10:43:57.353533] ANALYSIS 20% :: [01b] tokenize
[2025-11-19T10:43:57.358543] ANALYSIS 40% :: [03] sentiment
[2025-11-19T10:44:06.775627] ANALYSIS 70% :: [04] fake detect
[2025-11-19T10:44:06.796846] ANALYSIS 90% :: [05] trust score
[2025-11-19T10:44:06.816620] ANALYSIS 98% :: [06] summarize
[2025-11-19T10:44:06.820914] ANALYSIS 100% :: done
[2025-11-19T10:44:06.822419] OUTPUT pipeline finished; outputs at D:\Iman874\Documents\Github\Mobile-App-CommentTrust\backend\app-backend-flask\output\comment\1503848766-27293028076\indobert
[2025-11-19T10:44:13.500508] Laravel sync failed: notify failed: HTTP Error 422: Unprocessable Content
[2025-11-19T10:57:41.214645] START job for link: https://shopee.co.id/-Free-Case-Laptop-KLOURUS-Laptop-2in1-360°-Flip-Touchscreen-Intel-N4020-13.3-RAM-16GB-SSD-256GB-IPS-HD-Win11-Bisa-Jadi-Tablet-Cocok-untuk-Belajar-Kerja-Hiburan-Gratis-Stylus-Pen-Garansi-1-Tahun-KLOURUS-Official-Store-​-i.1503848766.27293028076
[2025-11-19T10:57:41.216645] FORCE SCRAPE: cleared previous review dir
[2025-11-19T10:57:41.218653] SCRAPER using user profile: user-data=C:\Users\Acer\AppData\Local\Microsoft\Edge\User Data profile=Profile 8
[2025-11-19T10:57:51.259279] SCRAPER injected 27 cookies from cookies.json into session
[2025-11-19T10:57:55.846794] SCRAPER product tab detected; proceeding
[2025-11-19T10:57:55.850329] SCRAPER fetch product data
[2025-11-19T10:57:58.250576] SCRAPER fetch comments
[2025-11-19T10:57:58.609635] SCRAPER page 1: collected 20/56
[2025-11-19T10:57:59.535854] SCRAPER page 2: collected 28/56
[2025-11-19T10:57:59.545909] SCRAPER finished; total 28 reviews saved
[2025-11-19T10:58:01.562749] SCRAPER finished
[2025-11-19T10:58:01.567130] ANALYSIS 5% :: init: resolve input
[2025-11-19T10:58:01.580243] ANALYSIS 10% :: [01] preprocess
[2025-11-19T10:58:01.584060] ANALYSIS 20% :: [01b] tokenize
[2025-11-19T10:58:01.588625] ANALYSIS 40% :: [03] sentiment
[2025-11-19T10:58:13.895511] ANALYSIS 70% :: [04] fake detect
[2025-11-19T10:58:13.915557] ANALYSIS 90% :: [05] trust score
[2025-11-19T10:58:13.928603] ANALYSIS 98% :: [06] summarize
[2025-11-19T10:58:13.933662] ANALYSIS 100% :: done
[2025-11-19T10:58:13.933662] OUTPUT pipeline finished; outputs at D:\Iman874\Documents\Github\Mobile-App-CommentTrust\backend\app-backend-flask\output\comment\1503848766-27293028076\indobert
[2025-11-19T10:58:20.634700] Laravel sync failed: notify failed: HTTP Error 502: Bad Gateway
