[2025-11-19T09:44:46.765322] START job for link: https://shopee.co.id/Samsung-Galaxy-S24-Series-S24-Ultra-S24-Basic-S24-FE-Smart-AI-Kamera-200MP-i.1101386382.23860528324
[2025-11-19T09:44:46.767500] SCRAPER using user profile: user-data=C:\Users\Acer\AppData\Local\Microsoft\Edge\User Data profile=Profile 8
[2025-11-19T09:44:57.121891] SCRAPER injected 27 cookies from cookies.json into session
[2025-11-19T09:45:01.666496] SCRAPER product tab detected; proceeding
[2025-11-19T09:45:01.666496] SCRAPER fetch product data
[2025-11-19T09:45:03.340449] SCRAPER fetch comments
[2025-11-19T09:45:04.069996] SCRAPER page 1: collected 20/1300
[2025-11-19T09:45:05.148343] SCRAPER page 2: collected 40/1300
[2025-11-19T09:45:06.207298] SCRAPER page 3: collected 60/1300
[2025-11-19T09:45:07.212061] SCRAPER page 4: collected 80/1300
[2025-11-19T09:45:08.201570] SCRAPER page 5: collected 100/1300
[2025-11-19T09:45:09.247749] SCRAPER page 6: collected 120/1300
[2025-11-19T09:45:10.257771] SCRAPER page 7: collected 140/1300
[2025-11-19T09:45:11.232766] SCRAPER page 8: collected 160/1300
[2025-11-19T09:45:12.229718] SCRAPER page 9: collected 180/1300
[2025-11-19T09:45:13.247162] SCRAPER page 10: collected 200/1300
[2025-11-19T09:45:14.178647] SCRAPER page 11: collected 220/1300
[2025-11-19T09:45:15.118605] SCRAPER page 12: collected 240/1300
[2025-11-19T09:45:16.179896] SCRAPER page 13: collected 260/1300
[2025-11-19T09:45:17.153107] SCRAPER page 14: collected 280/1300
[2025-11-19T09:45:18.156441] SCRAPER page 15: collected 300/1300
[2025-11-19T09:45:19.147153] SCRAPER page 16: collected 320/1300
[2025-11-19T09:45:20.075266] SCRAPER page 17: collected 340/1300
[2025-11-19T09:45:21.036962] SCRAPER page 18: collected 360/1300
[2025-11-19T09:45:22.018484] SCRAPER page 19: collected 380/1300
[2025-11-19T09:45:22.982878] SCRAPER page 20: collected 400/1300
[2025-11-19T09:45:24.013436] SCRAPER page 21: collected 420/1300
[2025-11-19T09:45:25.011402] SCRAPER page 22: collected 440/1300
[2025-11-19T09:45:26.039785] SCRAPER page 23: collected 460/1300
[2025-11-19T09:45:27.037112] SCRAPER page 24: collected 480/1300
[2025-11-19T09:45:28.026714] SCRAPER page 25: collected 500/1300
[2025-11-19T09:45:29.039621] SCRAPER page 26: collected 520/1300
[2025-11-19T09:45:30.044404] SCRAPER page 27: collected 540/1300
[2025-11-19T09:45:31.053208] SCRAPER page 28: collected 560/1300
[2025-11-19T09:45:31.977120] SCRAPER page 29: collected 580/1300
[2025-11-19T09:45:32.965074] SCRAPER page 30: collected 600/1300
[2025-11-19T09:45:33.942028] SCRAPER page 31: collected 620/1300
[2025-11-19T09:45:34.905729] SCRAPER page 32: collected 640/1300
[2025-11-19T09:45:35.834243] SCRAPER page 33: collected 650/1300
[2025-11-19T09:45:35.925342] SCRAPER finished; total 650 reviews saved
[2025-11-19T09:45:37.951011] SCRAPER finished
[2025-11-19T09:45:37.952007] ANALYSIS 5% :: init: resolve input
[2025-11-19T09:45:37.982906] ANALYSIS 10% :: [01] preprocess
[2025-11-19T09:45:37.991922] ANALYSIS 20% :: [01b] tokenize
[2025-11-19T09:45:38.002781] ANALYSIS 40% :: [03] sentiment
[2025-11-19T09:46:21.061662] ANALYSIS 70% :: [04] fake detect
[2025-11-19T09:46:21.120823] ANALYSIS 90% :: [05] trust score
[2025-11-19T09:46:21.162045] ANALYSIS 98% :: [06] summarize
[2025-11-19T09:46:21.168548] ANALYSIS 100% :: done
[2025-11-19T09:46:21.168548] OUTPUT pipeline finished; outputs at D:\Iman874\Documents\Github\Mobile-App-CommentTrust\backend\app-backend-flask\output\comment\1101386382-23860528324\indobert
[2025-11-19T09:59:55.057995] START job for link: https://shopee.co.id/Samsung-Galaxy-S24-Series-S24-Ultra-S24-Basic-S24-FE-Smart-AI-Kamera-200MP-i.1101386382.23860528324
[2025-11-19T09:59:55.061333] FORCE SCRAPE: cleared previous review dir
[2025-11-19T09:59:55.064350] SCRAPER using user profile: user-data=C:\Users\Acer\AppData\Local\Microsoft\Edge\User Data profile=Profile 8
[2025-11-19T10:00:07.569063] SCRAPER injected 27 cookies from cookies.json into session
[2025-11-19T10:00:11.470955] SCRAPER product tab detected; proceeding
[2025-11-19T10:00:11.471960] SCRAPER fetch product data
[2025-11-19T10:00:13.486806] SCRAPER fetch comments
[2025-11-19T10:00:14.075165] SCRAPER page 1: collected 20/1302
[2025-11-19T10:00:15.119324] SCRAPER page 2: collected 40/1302
[2025-11-19T10:00:16.073805] SCRAPER page 3: collected 60/1302
[2025-11-19T10:00:17.029582] SCRAPER page 4: collected 80/1302
[2025-11-19T10:00:17.977336] SCRAPER page 5: collected 100/1302
[2025-11-19T10:00:18.924425] SCRAPER page 6: collected 120/1302
[2025-11-19T10:00:19.832967] SCRAPER page 7: collected 140/1302
[2025-11-19T10:00:20.730939] SCRAPER page 8: collected 160/1302
[2025-11-19T10:00:21.683620] SCRAPER page 9: collected 180/1302
[2025-11-19T10:00:22.669512] SCRAPER page 10: collected 200/1302
[2025-11-19T10:00:23.584103] SCRAPER page 11: collected 220/1302
[2025-11-19T10:00:24.503371] SCRAPER page 12: collected 240/1302
[2025-11-19T10:00:25.501290] SCRAPER page 13: collected 260/1302
[2025-11-19T10:00:26.504199] SCRAPER page 14: collected 280/1302
[2025-11-19T10:00:27.509023] SCRAPER page 15: collected 300/1302
[2025-11-19T10:00:28.451803] SCRAPER page 16: collected 320/1302
[2025-11-19T10:00:29.369210] SCRAPER page 17: collected 340/1302
[2025-11-19T10:00:30.305902] SCRAPER page 18: collected 360/1302
[2025-11-19T10:00:31.193084] SCRAPER page 19: collected 380/1302
[2025-11-19T10:00:32.105355] SCRAPER page 20: collected 400/1302
[2025-11-19T10:00:33.021558] SCRAPER page 21: collected 420/1302
[2025-11-19T10:00:33.909856] SCRAPER page 22: collected 440/1302
[2025-11-19T10:00:36.521498] SCRAPER page 23: collected 460/1302
[2025-11-19T10:00:37.434164] SCRAPER page 24: collected 480/1302
[2025-11-19T10:00:38.336814] SCRAPER page 25: collected 500/1302
[2025-11-19T10:00:39.227578] SCRAPER page 26: collected 520/1302
[2025-11-19T10:00:40.089792] SCRAPER page 27: collected 540/1302
[2025-11-19T10:00:41.038430] SCRAPER page 28: collected 560/1302
[2025-11-19T10:00:41.911726] SCRAPER page 29: collected 580/1302
[2025-11-19T10:00:42.877628] SCRAPER page 30: collected 600/1302
[2025-11-19T10:00:43.766460] SCRAPER page 31: collected 620/1302
[2025-11-19T10:00:44.664439] SCRAPER page 32: collected 640/1302
[2025-11-19T10:00:45.577129] SCRAPER page 33: collected 650/1302
[2025-11-19T10:00:45.691253] SCRAPER finished; total 650 reviews saved
[2025-11-19T10:00:47.723146] SCRAPER finished
[2025-11-19T10:00:47.732296] ANALYSIS 5% :: init: resolve input
[2025-11-19T10:00:47.799561] ANALYSIS 10% :: [01] preprocess
[2025-11-19T10:00:47.817664] ANALYSIS 20% :: [01b] tokenize
[2025-11-19T10:00:47.829629] ANALYSIS 40% :: [03] sentiment
[2025-11-19T10:01:35.206677] ANALYSIS 70% :: [04] fake detect
[2025-11-19T10:01:35.289190] ANALYSIS 90% :: [05] trust score
[2025-11-19T10:01:35.331524] ANALYSIS 98% :: [06] summarize
[2025-11-19T10:01:35.345070] ANALYSIS 100% :: done
[2025-11-19T10:01:35.345070] OUTPUT pipeline finished; outputs at D:\Iman874\Documents\Github\Mobile-App-CommentTrust\backend\app-backend-flask\output\comment\1101386382-23860528324\indobert
[2025-11-19T10:01:35.607348] Laravel sync failed: HTTPError 404: Not Found
