[2025-12-17T03:05:07.364478] START scrape-only job (compat) for link: https://shopee.co.id/SSD-M.2-NVMe-256GB-V-GeN-Kecepatan-Tinggi-i.129681898.2110555906
[2025-12-17T03:06:21.438641] SCRAPER finished (compat)
[2025-12-17T03:12:51.663846] START scrape-only job (compat) for link: https://shopee.co.id/SSD-M.2-NVMe-256GB-V-GeN-Kecepatan-Tinggi-i.129681898.2110555906
[2025-12-17T03:13:55.811217] SCRAPER finished (compat)
[2025-12-17T03:13:58.435578] START analyze-only job for product 129681898-2110555906
[2025-12-17T03:13:58.439560] ANALYSIS 5% :: init: resolve input
[2025-12-17T03:13:58.500048] ANALYSIS 10% :: [01] preprocess
[2025-12-17T03:13:58.523392] ANALYSIS 20% :: [01b] tokenize
[2025-12-17T03:13:58.535183] ANALYSIS 40% :: [03] sentiment
[2025-12-17T03:13:58.547933] ANALYSIS 70% :: [04] fake detect
[2025-12-17T03:13:58.628777] ANALYSIS 90% :: [05] trust score
[2025-12-17T03:13:58.729931] ANALYSIS 98% :: [06] summarize
[2025-12-17T03:13:58.752467] ANALYSIS 99% :: [07] tagging comments
[2025-12-17T03:13:58.754324] ANALYSIS 100% :: done
[2025-12-17T03:13:58.755544] OUTPUT pipeline finished; outputs at /home/iman874/Documents/GitHub/Mobile-App-CommentTrust/backend/app-backend-flask/output/comment/129681898-2110555906/indobert
[2025-12-17T03:13:58.756085] Merging analysis results to reviews...
[2025-12-17T03:13:59.101431] Analysis results merged successfully
[2025-12-17T03:13:59.899625] Laravel ingest accepted (HTTP 200)
[2025-12-17T03:13:59.900609] Laravel ingest immediate inserted=265
[2025-12-17T03:14:01.307830] Laravel poll: count_reviews=265 status=waiting-db
[2025-12-17T03:14:01.308527] Laravel sync succeeded
[2025-12-17T03:20:17.539389] START scrape-only job (compat) for link: https://shopee.co.id/SSD-M.2-NVMe-256GB-V-GeN-Kecepatan-Tinggi-i.129681898.2110555906
[2025-12-17T03:21:15.595344] SCRAPER finished (compat)
[2025-12-17T03:21:19.746586] START analyze-only job for product 129681898-2110555906
[2025-12-17T03:21:19.753356] ANALYSIS 5% :: init: resolve input
[2025-12-17T03:21:19.794301] ANALYSIS 10% :: [01] preprocess
[2025-12-17T03:21:19.808736] ANALYSIS 20% :: [01b] tokenize
[2025-12-17T03:21:19.821354] ANALYSIS 40% :: [03] sentiment
[2025-12-17T03:21:19.832510] ANALYSIS 70% :: [04] fake detect
[2025-12-17T03:21:19.910652] ANALYSIS 90% :: [05] trust score
[2025-12-17T03:21:19.964872] ANALYSIS 98% :: [06] summarize
[2025-12-17T03:21:19.994392] ANALYSIS 99% :: [07] tagging comments
[2025-12-17T03:21:19.994638] ANALYSIS 100% :: done
[2025-12-17T03:21:19.994740] OUTPUT pipeline finished; outputs at /home/iman874/Documents/GitHub/Mobile-App-CommentTrust/backend/app-backend-flask/output/comment/129681898-2110555906/indobert
[2025-12-17T03:21:19.996512] Merging analysis results to reviews...
[2025-12-17T03:21:20.542876] Analysis results merged successfully
[2025-12-17T03:21:21.645219] Laravel ingest accepted (HTTP 200)
[2025-12-17T03:21:21.645363] Laravel ingest immediate inserted=265
[2025-12-17T03:21:23.201758] Laravel poll: count_reviews=265 status=waiting-db
[2025-12-17T03:21:23.202336] Laravel sync succeeded
