[2025-11-19T10:08:23.012212] START job for link: https://shopee.co.id/Samsung-Galaxy-S24-Series-S24-Ultra-S24-Basic-S24-FE-Smart-AI-Kamera-200MP-i.1101386382.23860528324
[2025-11-19T10:08:23.017178] FORCE SCRAPE: cleared previous review dir
[2025-11-19T10:08:23.019184] SCRAPER using user profile: user-data=C:\Users\Acer\AppData\Local\Microsoft\Edge\User Data profile=Profile 8
[2025-11-19T10:08:32.270195] SCRAPER injected 27 cookies from cookies.json into session
[2025-11-19T10:08:37.484636] SCRAPER product tab detected; proceeding
[2025-11-19T10:08:37.484636] SCRAPER fetch product data
[2025-11-19T10:08:39.543047] SCRAPER fetch comments
[2025-11-19T10:08:40.370392] SCRAPER page 1: collected 20/1302
[2025-11-19T10:08:41.824834] SCRAPER page 2: collected 40/1302
[2025-11-19T10:08:43.375609] SCRAPER page 3: collected 60/1302
[2025-11-19T10:08:44.841748] SCRAPER page 4: collected 80/1302
[2025-11-19T10:08:46.504952] SCRAPER page 5: collected 100/1302
[2025-11-19T10:08:47.959950] SCRAPER page 6: collected 120/1302
[2025-11-19T10:08:49.499149] SCRAPER page 7: collected 140/1302
[2025-11-19T10:08:50.849316] SCRAPER page 8: collected 160/1302
[2025-11-19T10:08:52.133011] SCRAPER page 9: collected 180/1302
[2025-11-19T10:08:53.420436] SCRAPER page 10: collected 200/1302
[2025-11-19T10:08:54.666626] SCRAPER page 11: collected 220/1302
[2025-11-19T10:08:56.202249] SCRAPER page 12: collected 240/1302
[2025-11-19T10:08:57.947982] SCRAPER page 13: collected 260/1302
[2025-11-19T10:08:59.860313] SCRAPER page 14: collected 280/1302
[2025-11-19T10:09:01.365322] SCRAPER page 15: collected 300/1302
[2025-11-19T10:09:02.791804] SCRAPER page 16: collected 320/1302
[2025-11-19T10:09:04.016035] SCRAPER page 17: collected 340/1302
[2025-11-19T10:09:05.201720] SCRAPER page 18: collected 360/1302
[2025-11-19T10:09:06.710107] SCRAPER page 19: collected 380/1302
[2025-11-19T10:09:08.072043] SCRAPER page 20: collected 400/1302
[2025-11-19T10:09:09.650632] SCRAPER page 21: collected 420/1302
[2025-11-19T10:09:11.108498] SCRAPER page 22: collected 440/1302
[2025-11-19T10:09:12.504184] SCRAPER page 23: collected 460/1302
[2025-11-19T10:09:14.015605] SCRAPER page 24: collected 480/1302
[2025-11-19T10:09:15.530833] SCRAPER page 25: collected 500/1302
[2025-11-19T10:09:17.001651] SCRAPER page 26: collected 520/1302
[2025-11-19T10:09:18.449849] SCRAPER page 27: collected 540/1302
[2025-11-19T10:09:19.952864] SCRAPER page 28: collected 560/1302
[2025-11-19T10:09:21.544191] SCRAPER page 29: collected 580/1302
[2025-11-19T10:09:23.210355] SCRAPER page 30: collected 600/1302
[2025-11-19T10:09:24.853448] SCRAPER page 31: collected 620/1302
[2025-11-19T10:09:26.339545] SCRAPER page 32: collected 640/1302
[2025-11-19T10:09:27.650201] SCRAPER page 33: collected 650/1302
[2025-11-19T10:09:27.723192] SCRAPER finished; total 650 reviews saved
[2025-11-19T10:09:29.735471] SCRAPER finished
[2025-11-19T10:09:29.738281] ANALYSIS 5% :: init: resolve input
[2025-11-19T10:09:29.850731] ANALYSIS 10% :: [01] preprocess
[2025-11-19T10:09:29.857744] ANALYSIS 20% :: [01b] tokenize
[2025-11-19T10:09:29.864860] ANALYSIS 40% :: [03] sentiment
[2025-11-19T10:10:08.457807] ANALYSIS 70% :: [04] fake detect
[2025-11-19T10:10:08.542884] ANALYSIS 90% :: [05] trust score
[2025-11-19T10:10:08.580005] ANALYSIS 98% :: [06] summarize
[2025-11-19T10:10:08.592488] ANALYSIS 100% :: done
[2025-11-19T10:10:08.592488] OUTPUT pipeline finished; outputs at D:\Iman874\Documents\Github\Mobile-App-CommentTrust\backend\app-backend-flask\output\comment\1101386382-23860528324\indobert
[2025-11-19T10:10:09.118629] Laravel sync succeeded
[2025-11-19T10:19:38.551360] START job for link: https://shopee.co.id/Samsung-Galaxy-S24-Series-S24-Ultra-S24-Basic-S24-FE-Smart-AI-Kamera-200MP-i.1101386382.23860528324
[2025-11-19T10:19:38.554817] FORCE SCRAPE: cleared previous review dir
[2025-11-19T10:19:38.559048] SCRAPER using user profile: user-data=C:\Users\Acer\AppData\Local\Microsoft\Edge\User Data profile=Profile 8
[2025-11-19T10:19:48.469235] SCRAPER injected 27 cookies from cookies.json into session
[2025-11-19T10:19:53.953429] SCRAPER product tab detected; proceeding
[2025-11-19T10:19:53.953429] SCRAPER fetch product data
[2025-11-19T10:19:56.061873] SCRAPER fetch comments
[2025-11-19T10:19:57.123188] SCRAPER page 1: collected 20/1302
[2025-11-19T10:19:58.610626] SCRAPER page 2: collected 40/1302
[2025-11-19T10:20:00.079780] SCRAPER page 3: collected 60/1302
[2025-11-19T10:20:01.427503] SCRAPER page 4: collected 80/1302
[2025-11-19T10:20:02.742486] SCRAPER page 5: collected 100/1302
[2025-11-19T10:20:04.101299] SCRAPER page 6: collected 120/1302
[2025-11-19T10:20:05.369949] SCRAPER page 7: collected 140/1302
[2025-11-19T10:20:06.602572] SCRAPER page 8: collected 160/1302
[2025-11-19T10:20:07.841535] SCRAPER page 9: collected 180/1302
[2025-11-19T10:20:09.045983] SCRAPER page 10: collected 200/1302
[2025-11-19T10:20:10.246350] SCRAPER page 11: collected 220/1302
[2025-11-19T10:20:11.464702] SCRAPER page 12: collected 240/1302
[2025-11-19T10:20:12.807461] SCRAPER page 13: collected 260/1302
[2025-11-19T10:20:14.107081] SCRAPER page 14: collected 280/1302
[2025-11-19T10:20:15.369477] SCRAPER page 15: collected 300/1302
[2025-11-19T10:20:16.558548] SCRAPER page 16: collected 320/1302
[2025-11-19T10:20:17.698535] SCRAPER page 17: collected 340/1302
[2025-11-19T10:20:18.839564] SCRAPER page 18: collected 360/1302
[2025-11-19T10:20:19.998742] SCRAPER page 19: collected 380/1302
[2025-11-19T10:20:21.157050] SCRAPER page 20: collected 400/1302
[2025-11-19T10:20:22.356913] SCRAPER page 21: collected 420/1302
[2025-11-19T10:20:23.542145] SCRAPER page 22: collected 440/1302
[2025-11-19T10:20:24.708245] SCRAPER page 23: collected 460/1302
[2025-11-19T10:20:25.854432] SCRAPER page 24: collected 480/1302
[2025-11-19T10:20:27.055378] SCRAPER page 25: collected 500/1302
[2025-11-19T10:20:28.216745] SCRAPER page 26: collected 520/1302
[2025-11-19T10:20:29.394641] SCRAPER page 27: collected 540/1302
[2025-11-19T10:20:30.524083] SCRAPER page 28: collected 560/1302
[2025-11-19T10:20:31.757464] SCRAPER page 29: collected 580/1302
[2025-11-19T10:20:33.077087] SCRAPER page 30: collected 600/1302
[2025-11-19T10:20:34.607396] SCRAPER page 31: collected 620/1302
[2025-11-19T10:20:36.163176] SCRAPER page 32: collected 640/1302
[2025-11-19T10:20:37.428539] SCRAPER page 33: collected 650/1302
[2025-11-19T10:20:37.550920] SCRAPER finished; total 650 reviews saved
[2025-11-19T10:20:39.591269] SCRAPER finished
[2025-11-19T10:20:39.595750] ANALYSIS 5% :: init: resolve input
[2025-11-19T10:20:39.649682] ANALYSIS 10% :: [01] preprocess
[2025-11-19T10:20:39.667303] ANALYSIS 20% :: [01b] tokenize
[2025-11-19T10:20:39.684257] ANALYSIS 40% :: [03] sentiment
[2025-11-19T10:21:25.483825] ANALYSIS 70% :: [04] fake detect
[2025-11-19T10:21:25.525752] ANALYSIS 90% :: [05] trust score
[2025-11-19T10:21:25.553265] ANALYSIS 98% :: [06] summarize
[2025-11-19T10:21:25.562265] ANALYSIS 100% :: done
[2025-11-19T10:21:25.563265] OUTPUT pipeline finished; outputs at D:\Iman874\Documents\Github\Mobile-App-CommentTrust\backend\app-backend-flask\output\comment\1101386382-23860528324\indobert
[2025-11-19T10:22:07.222859] Laravel sync failed: timeout
[2025-11-19T10:27:59.841480] START job for link: https://shopee.co.id/Samsung-Galaxy-S24-Series-S24-Ultra-S24-Basic-S24-FE-Smart-AI-Kamera-200MP-i.1101386382.23860528324
[2025-11-19T10:27:59.847405] FORCE SCRAPE: cleared previous review dir
[2025-11-19T10:27:59.849436] SCRAPER using user profile: user-data=C:\Users\Acer\AppData\Local\Microsoft\Edge\User Data profile=Profile 8
[2025-11-19T10:28:08.678925] SCRAPER injected 27 cookies from cookies.json into session
[2025-11-19T10:28:14.082997] SCRAPER product tab detected; proceeding
[2025-11-19T10:28:14.083998] SCRAPER fetch product data
[2025-11-19T10:28:16.443356] SCRAPER fetch comments
[2025-11-19T10:28:17.317747] SCRAPER page 1: collected 20/1302
[2025-11-19T10:28:18.590139] SCRAPER page 2: collected 40/1302
[2025-11-19T10:28:19.866845] SCRAPER page 3: collected 60/1302
[2025-11-19T10:28:21.152896] SCRAPER page 4: collected 80/1302
[2025-11-19T10:28:22.422498] SCRAPER page 5: collected 100/1302
[2025-11-19T10:28:23.769717] SCRAPER page 6: collected 120/1302
[2025-11-19T10:28:25.054957] SCRAPER page 7: collected 140/1302
[2025-11-19T10:28:26.254884] SCRAPER page 8: collected 160/1302
[2025-11-19T10:28:27.470653] SCRAPER page 9: collected 180/1302
[2025-11-19T10:28:28.703897] SCRAPER page 10: collected 200/1302
[2025-11-19T10:28:29.934569] SCRAPER page 11: collected 220/1302
[2025-11-19T10:28:31.073156] SCRAPER page 12: collected 240/1302
[2025-11-19T10:28:32.990577] SCRAPER page 13: collected 260/1302
[2025-11-19T10:28:34.252588] SCRAPER page 14: collected 280/1302
[2025-11-19T10:28:35.477059] SCRAPER page 15: collected 300/1302
[2025-11-19T10:28:36.633104] SCRAPER page 16: collected 320/1302
[2025-11-19T10:28:37.796871] SCRAPER page 17: collected 340/1302
[2025-11-19T10:28:38.890995] SCRAPER page 18: collected 360/1302
[2025-11-19T10:28:40.035481] SCRAPER page 19: collected 380/1302
[2025-11-19T10:28:41.175880] SCRAPER page 20: collected 400/1302
[2025-11-19T10:28:42.323035] SCRAPER page 21: collected 420/1302
[2025-11-19T10:28:43.453096] SCRAPER page 22: collected 440/1302
[2025-11-19T10:28:44.696548] SCRAPER page 23: collected 460/1302
[2025-11-19T10:28:45.831809] SCRAPER page 24: collected 480/1302
[2025-11-19T10:28:46.966128] SCRAPER page 25: collected 500/1302
[2025-11-19T10:28:48.137764] SCRAPER page 26: collected 520/1302
[2025-11-19T10:28:49.254964] SCRAPER page 27: collected 540/1302
[2025-11-19T10:28:50.360922] SCRAPER page 28: collected 560/1302
[2025-11-19T10:28:51.599159] SCRAPER page 29: collected 580/1302
[2025-11-19T10:28:52.799849] SCRAPER page 30: collected 600/1302
[2025-11-19T10:28:54.060127] SCRAPER page 31: collected 620/1302
[2025-11-19T10:28:55.315213] SCRAPER page 32: collected 640/1302
[2025-11-19T10:28:56.484418] SCRAPER page 33: collected 650/1302
[2025-11-19T10:28:56.610464] SCRAPER finished; total 650 reviews saved
[2025-11-19T10:28:58.633899] SCRAPER finished
[2025-11-19T10:28:58.637298] ANALYSIS 5% :: init: resolve input
[2025-11-19T10:28:58.701545] ANALYSIS 10% :: [01] preprocess
[2025-11-19T10:28:58.721758] ANALYSIS 20% :: [01b] tokenize
[2025-11-19T10:28:58.739600] ANALYSIS 40% :: [03] sentiment
[2025-11-19T10:29:44.638673] ANALYSIS 70% :: [04] fake detect
[2025-11-19T10:29:44.707677] ANALYSIS 90% :: [05] trust score
[2025-11-19T10:29:44.748727] ANALYSIS 98% :: [06] summarize
[2025-11-19T10:29:44.758759] ANALYSIS 100% :: done
[2025-11-19T10:29:44.758759] OUTPUT pipeline finished; outputs at D:\Iman874\Documents\Github\Mobile-App-CommentTrust\backend\app-backend-flask\output\comment\1101386382-23860528324\indobert
[2025-11-19T10:30:26.325122] Laravel sync failed: timeout
[2025-11-19T10:37:10.043115] START job for link: https://shopee.co.id/Samsung-Galaxy-S24-Series-S24-Ultra-S24-Basic-S24-FE-Smart-AI-Kamera-200MP-i.1101386382.23860528324
[2025-11-19T10:37:10.045648] FORCE SCRAPE: cleared previous review dir
[2025-11-19T10:37:10.045648] SCRAPER using user profile: user-data=C:\Users\Acer\AppData\Local\Microsoft\Edge\User Data profile=Profile 8
[2025-11-19T10:37:11.413937] START job for link: https://shopee.co.id/Samsung-Galaxy-S24-Series-S24-Ultra-S24-Basic-S24-FE-Smart-AI-Kamera-200MP-i.1101386382.23860528324
[2025-11-19T10:37:11.415942] FORCE SCRAPE: cleared previous review dir
[2025-11-19T10:37:11.419153] SCRAPER using user profile: user-data=C:\Users\Acer\AppData\Local\Microsoft\Edge\User Data profile=Profile 8
[2025-11-19T10:37:26.612534] SCRAPER injected 27 cookies from cookies.json into session
[2025-11-19T10:37:31.674127] SCRAPER injected 27 cookies from cookies.json into session
[2025-11-19T10:37:36.740745] SCRAPER product tab detected; proceeding
[2025-11-19T10:37:36.742262] SCRAPER fetch product data
[2025-11-19T10:37:37.881182] SCRAPER product tab detected; proceeding
[2025-11-19T10:37:37.882200] SCRAPER fetch product data
[2025-11-19T10:37:39.137122] SCRAPER fetch comments
[2025-11-19T10:37:39.784745] SCRAPER page 1: collected 20/1302
[2025-11-19T10:37:40.694568] SCRAPER fetch comments
[2025-11-19T10:37:40.979036] SCRAPER page 2: collected 40/1302
[2025-11-19T10:37:41.226591] SCRAPER page 1: collected 20/1302
[2025-11-19T10:37:42.277300] SCRAPER page 3: collected 60/1302
[2025-11-19T10:37:42.372956] SCRAPER page 2: collected 40/1302
[2025-11-19T10:37:43.543729] SCRAPER page 4: collected 80/1302
[2025-11-19T10:37:43.564325] SCRAPER page 3: collected 60/1302
[2025-11-19T10:37:44.716109] SCRAPER page 5: collected 100/1302
[2025-11-19T10:37:44.769269] SCRAPER page 4: collected 80/1302
[2025-11-19T10:37:45.934658] SCRAPER page 6: collected 120/1302
[2025-11-19T10:37:45.967986] SCRAPER page 5: collected 100/1302
[2025-11-19T10:37:47.038170] SCRAPER page 7: collected 140/1302
[2025-11-19T10:37:47.171768] SCRAPER page 6: collected 120/1302
[2025-11-19T10:37:48.257728] SCRAPER page 8: collected 160/1302
[2025-11-19T10:37:48.342309] SCRAPER page 7: collected 140/1302
[2025-11-19T10:37:49.421196] SCRAPER page 9: collected 180/1302
[2025-11-19T10:37:49.565781] SCRAPER page 8: collected 160/1302
[2025-11-19T10:37:50.520765] SCRAPER page 10: collected 200/1302
[2025-11-19T10:37:50.618154] SCRAPER page 9: collected 180/1302
[2025-11-19T10:37:51.608050] SCRAPER page 11: collected 220/1302
[2025-11-19T10:37:51.807336] SCRAPER page 10: collected 200/1302
[2025-11-19T10:37:52.790329] SCRAPER page 12: collected 240/1302
[2025-11-19T10:37:52.867652] SCRAPER page 11: collected 220/1302
[2025-11-19T10:37:53.971066] SCRAPER page 13: collected 260/1302
[2025-11-19T10:37:54.052931] SCRAPER page 12: collected 240/1302
[2025-11-19T10:37:55.134517] SCRAPER page 14: collected 280/1302
[2025-11-19T10:37:55.203325] SCRAPER page 13: collected 260/1302
[2025-11-19T10:37:56.332809] SCRAPER page 15: collected 300/1302
[2025-11-19T10:37:56.408499] SCRAPER page 14: collected 280/1302
[2025-11-19T10:37:57.494436] SCRAPER page 16: collected 320/1302
[2025-11-19T10:37:57.626998] SCRAPER page 15: collected 300/1302
[2025-11-19T10:37:58.800696] SCRAPER page 17: collected 340/1302
[2025-11-19T10:37:59.263983] SCRAPER page 16: collected 320/1302
[2025-11-19T10:38:00.213636] SCRAPER page 18: collected 360/1302
[2025-11-19T10:38:00.353553] SCRAPER page 17: collected 340/1302
[2025-11-19T10:38:01.320114] SCRAPER page 19: collected 380/1302
[2025-11-19T10:38:01.484581] SCRAPER page 18: collected 360/1302
[2025-11-19T10:38:02.537992] SCRAPER page 20: collected 400/1302
[2025-11-19T10:38:02.548204] SCRAPER page 19: collected 380/1302
[2025-11-19T10:38:03.600407] SCRAPER page 20: collected 400/1302
[2025-11-19T10:38:03.878377] SCRAPER page 21: collected 420/1302
[2025-11-19T10:38:04.856102] SCRAPER page 21: collected 420/1302
[2025-11-19T10:38:05.219503] SCRAPER page 22: collected 440/1302
[2025-11-19T10:38:06.124458] SCRAPER page 22: collected 440/1302
[2025-11-19T10:38:06.518338] SCRAPER page 23: collected 460/1302
[2025-11-19T10:38:07.351726] SCRAPER page 23: collected 460/1302
[2025-11-19T10:38:07.891289] SCRAPER page 24: collected 480/1302
[2025-11-19T10:38:08.622841] SCRAPER page 24: collected 480/1302
[2025-11-19T10:38:09.189951] SCRAPER page 25: collected 500/1302
[2025-11-19T10:38:09.920180] SCRAPER page 25: collected 500/1302
[2025-11-19T10:38:10.438767] SCRAPER page 26: collected 520/1302
[2025-11-19T10:38:11.191202] SCRAPER page 26: collected 520/1302
[2025-11-19T10:38:11.749395] SCRAPER page 27: collected 540/1302
[2025-11-19T10:38:12.504984] SCRAPER page 27: collected 540/1302
[2025-11-19T10:38:13.021875] SCRAPER page 28: collected 560/1302
[2025-11-19T10:38:13.751874] SCRAPER page 28: collected 560/1302
[2025-11-19T10:38:14.314667] SCRAPER page 29: collected 580/1302
[2025-11-19T10:38:15.072951] SCRAPER page 29: collected 580/1302
[2025-11-19T10:38:15.657248] SCRAPER page 30: collected 600/1302
[2025-11-19T10:38:16.433506] SCRAPER page 30: collected 600/1302
[2025-11-19T10:38:17.053439] SCRAPER page 31: collected 620/1302
[2025-11-19T10:38:17.793413] SCRAPER page 31: collected 620/1302
[2025-11-19T10:38:18.419531] SCRAPER page 32: collected 640/1302
[2025-11-19T10:38:19.189961] SCRAPER page 32: collected 640/1302
[2025-11-19T10:38:19.663330] SCRAPER page 33: collected 650/1302
[2025-11-19T10:38:19.729469] SCRAPER finished; total 650 reviews saved
[2025-11-19T10:38:20.375706] SCRAPER page 33: collected 650/1302
[2025-11-19T10:38:20.499640] SCRAPER finished; total 650 reviews saved
[2025-11-19T10:38:21.748643] SCRAPER finished
[2025-11-19T10:38:21.750540] ANALYSIS 5% :: init: resolve input
[2025-11-19T10:38:21.786631] ANALYSIS 10% :: [01] preprocess
[2025-11-19T10:38:21.802347] ANALYSIS 20% :: [01b] tokenize
[2025-11-19T10:38:21.810862] ANALYSIS 40% :: [03] sentiment
[2025-11-19T10:38:22.540328] SCRAPER finished
[2025-11-19T10:38:22.544289] ANALYSIS 5% :: init: resolve input
[2025-11-19T10:38:22.611138] ANALYSIS 10% :: [01] preprocess
[2025-11-19T10:38:22.636535] ANALYSIS 20% :: [01b] tokenize
[2025-11-19T10:38:22.658252] ANALYSIS 40% :: [03] sentiment
[2025-11-19T10:38:25.312325] ANALYSIS 70% :: [04] fake detect
[2025-11-19T10:38:25.344086] ANALYSIS 90% :: [05] trust score
[2025-11-19T10:38:25.366243] ANALYSIS 98% :: [06] summarize
[2025-11-19T10:38:25.378542] ANALYSIS 100% :: done
[2025-11-19T10:38:25.379557] OUTPUT pipeline finished; outputs at D:\Iman874\Documents\Github\Mobile-App-CommentTrust\backend\app-backend-flask\output\comment\1101386382-23860528324\indobert
[2025-11-19T10:39:15.840095] ANALYSIS 70% :: [04] fake detect
[2025-11-19T10:39:15.910540] ANALYSIS 90% :: [05] trust score
[2025-11-19T10:39:15.961326] ANALYSIS 98% :: [06] summarize
[2025-11-19T10:39:15.974293] ANALYSIS 100% :: done
[2025-11-19T10:39:15.974293] OUTPUT pipeline finished; outputs at D:\Iman874\Documents\Github\Mobile-App-CommentTrust\backend\app-backend-flask\output\comment\1101386382-23860528324\indobert
[2025-11-19T10:40:26.686524] Laravel sync failed: HTTP Error 404: Not Found
[2025-11-19T10:41:17.315530] Laravel sync failed: HTTP Error 404: Not Found
