[2025-11-19T05:02:43.469428] START job for link: https://shopee.co.id/-Free-Case-Laptop-KLOURUS-Laptop-2in1-360°-Flip-Touchscreen-Intel-N4020-13.3-RAM-16GB-SSD-256GB-IPS-HD-Win11-Bisa-Jadi-Tablet-Cocok-untuk-Belajar-Kerja-Hiburan-Gratis-Stylus-Pen-Garansi-1-Tahun-KLOURUS-Official-Store-​-i.1503848766.27293028076
[2025-11-19T05:02:43.472491] SCRAPER using profile: D:\Iman874\Documents\Github\Mobile-App-CommentTrust\backend\app-backend-flask\edge_profiles\copy-dummy-shoope
[2025-11-19T05:02:43.475901] ERROR scraper failed: No module named 'selenium'
[2025-11-19T05:03:46.723369] START job for link: https://shopee.co.id/-Free-Case-Laptop-KLOURUS-Laptop-2in1-360°-Flip-Touchscreen-Intel-N4020-13.3-RAM-16GB-SSD-256GB-IPS-HD-Win11-Bisa-Jadi-Tablet-Cocok-untuk-Belajar-Kerja-Hiburan-Gratis-Stylus-Pen-Garansi-1-Tahun-KLOURUS-Official-Store-​-i.1503848766.27293028076
[2025-11-19T05:03:46.727380] SCRAPER using profile: D:\Iman874\Documents\Github\Mobile-App-CommentTrust\backend\app-backend-flask\edge_profiles\copy-dummy-shoope
[2025-11-19T05:03:46.899467] ERROR scraper failed: Message: Unable to obtain driver for MicrosoftEdge; For documentation on this error, please visit: https://www.selenium.dev/documentation/webdriver/troubleshooting/errors/driver_location

[2025-11-19T05:08:46.588853] START job for link: https://shopee.co.id/-Free-Case-Laptop-KLOURUS-Laptop-2in1-360°-Flip-Touchscreen-Intel-N4020-13.3-RAM-16GB-SSD-256GB-IPS-HD-Win11-Bisa-Jadi-Tablet-Cocok-untuk-Belajar-Kerja-Hiburan-Gratis-Stylus-Pen-Garansi-1-Tahun-KLOURUS-Official-Store-​-i.1503848766.27293028076
[2025-11-19T05:08:46.591970] SCRAPER using profile: D:\Iman874\Documents\Github\Mobile-App-CommentTrust\backend\app-backend-flask\edge_profiles\copy-dummy-shoope
[2025-11-19T05:08:46.879247] ERROR scraper failed: msedgedriver not found at D:\Iman874\Documents\Github\Mobile-App-CommentTrust\Scrapper\edgedriver_win64\msedgedriver.exe. Place it under Scrapper/edgedriver_win64/msedgedriver.exe
[2025-11-19T05:15:31.021741] START job for link: https://shopee.co.id/-Free-Case-Laptop-KLOURUS-Laptop-2in1-360°-Flip-Touchscreen-Intel-N4020-13.3-RAM-16GB-SSD-256GB-IPS-HD-Win11-Bisa-Jadi-Tablet-Cocok-untuk-Belajar-Kerja-Hiburan-Gratis-Stylus-Pen-Garansi-1-Tahun-KLOURUS-Official-Store-​-i.1503848766.27293028076
[2025-11-19T05:15:31.683129] SCRAPER using profile: D:\Iman874\Documents\Github\Mobile-App-CommentTrust\backend\app-backend-flask\browser-dummy-copy\edge_profile
[2025-11-19T05:16:42.601848] SCRAPER cookie not found at D:\Iman874\Documents\Github\Mobile-App-CommentTrust\backend\app-backend-flask\browser-dummy\cookie.json, continuing without cookie
[2025-11-19T05:16:50.119358] SCRAPER fetch product data
[2025-11-19T05:16:51.133772] SCRAPER fetch comments
[2025-11-19T05:16:51.505513] SCRAPER finished; total 0 reviews saved
[2025-11-19T05:16:53.837805] SCRAPER finished
[2025-11-19T05:16:53.839334] ANALYSIS 5% :: init: resolve input
[2025-11-19T05:16:53.840345] ANALYSIS 10% :: [01] preprocess
[2025-11-19T05:16:53.850562] ANALYSIS 20% :: [01b] tokenize
[2025-11-19T05:16:53.853976] ANALYSIS 40% :: [03] sentiment
[2025-11-19T05:16:53.858142] ANALYSIS 70% :: [04] fake detect
[2025-11-19T05:16:53.879485] ANALYSIS 90% :: [05] trust score
[2025-11-19T05:16:53.884239] ANALYSIS 98% :: [06] summarize
[2025-11-19T05:16:53.888591] ANALYSIS 100% :: done
[2025-11-19T05:16:53.888591] OUTPUT pipeline finished; outputs at D:\Iman874\Documents\Github\Mobile-App-CommentTrust\backend\app-backend-flask\output\comment\1503848766-27293028076\indobert
