[2025-12-17T01:02:25.189630] SCRAPER using user profile: user-data=Microsoft/Edge/User Data profile=None
[2025-12-17T01:02:25.191217] SCRAPER detected Linux OS; using direct driver initialization
[2025-12-17T01:02:25.191299] SCRAPER initializing Edge driver for Linux
[2025-12-17T01:02:26.095758] SCRAPER Edge driver initialized successfully on Linux
[2025-12-17T01:02:43.606295] SCRAPER injected 26 cookies from cookies.json into session
[2025-12-17T01:02:47.722932] SCRAPER product tab detected; proceeding
[2025-12-17T01:02:47.723738] SCRAPER fetch product data
[2025-12-17T01:02:52.193241] SCRAPER fetch comments
[2025-12-17T01:02:54.274067] SCRAPER page 1: collected 20/1258
[2025-12-17T01:02:54.835709] SCRAPER page 2: collected 40/1258
[2025-12-17T01:02:55.329427] SCRAPER page 3: collected 60/1258
[2025-12-17T01:02:55.815350] SCRAPER page 4: collected 80/1258
[2025-12-17T01:02:56.318947] SCRAPER page 5: collected 100/1258
[2025-12-17T01:02:56.751877] SCRAPER page 6: collected 120/1258
[2025-12-17T01:02:57.274301] SCRAPER page 7: collected 140/1258
[2025-12-17T01:02:57.954783] SCRAPER page 8: collected 160/1258
[2025-12-17T01:02:58.748421] SCRAPER page 9: collected 180/1258
[2025-12-17T01:02:59.225798] SCRAPER page 10: collected 200/1258
[2025-12-17T01:02:59.812010] SCRAPER page 11: collected 220/1258
[2025-12-17T01:03:00.268102] SCRAPER page 12: collected 240/1258
[2025-12-17T01:03:00.719207] SCRAPER page 13: collected 260/1258
[2025-12-17T01:03:01.143766] SCRAPER page 14: collected 280/1258
[2025-12-17T01:03:01.635047] SCRAPER page 15: collected 300/1258
[2025-12-17T01:03:02.139151] SCRAPER page 16: collected 320/1258
[2025-12-17T01:03:10.180775] SCRAPER page 17: collected 340/1258
[2025-12-17T01:03:11.178942] SCRAPER page 18: collected 360/1258
[2025-12-17T01:03:12.942358] SCRAPER page 19: collected 380/1258
[2025-12-17T01:03:14.610342] SCRAPER page 20: collected 400/1258
[2025-12-17T01:03:15.258654] SCRAPER page 21: collected 420/1258
[2025-12-17T01:03:15.993776] SCRAPER page 22: collected 440/1258
[2025-12-17T01:03:16.826731] SCRAPER page 23: collected 460/1258
[2025-12-17T01:03:17.363960] SCRAPER page 24: collected 480/1258
[2025-12-17T01:03:17.834560] SCRAPER page 25: collected 500/1258
[2025-12-17T01:03:18.226966] SCRAPER page 26: collected 520/1258
[2025-12-17T01:03:18.684216] SCRAPER page 27: collected 540/1258
[2025-12-17T01:03:19.195353] SCRAPER page 28: collected 560/1258
[2025-12-17T01:03:20.337586] SCRAPER page 29: collected 580/1258
[2025-12-17T01:03:21.005770] SCRAPER page 30: collected 600/1258
[2025-12-17T01:03:21.454087] SCRAPER page 31: collected 620/1258
[2025-12-17T01:03:21.956313] SCRAPER page 32: collected 629/1258
[2025-12-17T01:03:22.098514] SCRAPER finished; total 629 reviews saved
[2025-12-17T01:03:27.264783] SCRAPER using user profile: user-data=Microsoft/Edge/User Data profile=None
[2025-12-17T01:03:27.265016] SCRAPER detected Linux OS; using direct driver initialization
[2025-12-17T01:03:27.265539] SCRAPER initializing Edge driver for Linux
[2025-12-17T01:03:27.974824] SCRAPER Edge driver initialized successfully on Linux
[2025-12-17T01:03:42.404924] SCRAPER injected 26 cookies from cookies.json into session
[2025-12-17T01:03:46.272077] SCRAPER product tab detected; proceeding
[2025-12-17T01:03:46.273096] SCRAPER fetch product data
[2025-12-17T01:03:49.232072] SCRAPER fetch comments
[2025-12-17T01:03:53.459943] SCRAPER page 1: collected 20/1258
[2025-12-17T01:03:54.860454] SCRAPER page 2: collected 40/1258
[2025-12-17T01:03:55.256468] SCRAPER page 3: collected 60/1258
[2025-12-17T01:03:55.676284] SCRAPER page 4: collected 80/1258
[2025-12-17T01:03:56.040552] SCRAPER page 5: collected 100/1258
[2025-12-17T01:03:56.423599] SCRAPER page 6: collected 120/1258
[2025-12-17T01:03:56.894968] SCRAPER page 7: collected 140/1258
[2025-12-17T01:03:57.276893] SCRAPER page 8: collected 160/1258
[2025-12-17T01:03:58.053092] SCRAPER page 9: collected 180/1258
[2025-12-17T01:03:58.425352] SCRAPER page 10: collected 200/1258
[2025-12-17T01:03:58.780949] SCRAPER page 11: collected 220/1258
[2025-12-17T01:03:59.214490] SCRAPER page 12: collected 240/1258
[2025-12-17T01:03:59.650291] SCRAPER page 13: collected 260/1258
[2025-12-17T01:04:00.037830] SCRAPER page 14: collected 280/1258
[2025-12-17T01:04:00.430155] SCRAPER page 15: collected 300/1258
[2025-12-17T01:04:01.026887] SCRAPER page 16: collected 320/1258
[2025-12-17T01:04:01.864638] SCRAPER page 17: collected 340/1258
[2025-12-17T01:04:03.023620] SCRAPER page 18: collected 360/1258
[2025-12-17T01:04:03.887454] SCRAPER page 19: collected 380/1258
[2025-12-17T01:04:04.389864] SCRAPER page 20: collected 400/1258
[2025-12-17T01:04:04.947774] SCRAPER page 21: collected 420/1258
[2025-12-17T01:04:06.502353] SCRAPER page 22: collected 440/1258
[2025-12-17T01:04:06.938072] SCRAPER page 23: collected 460/1258
[2025-12-17T01:04:07.396887] SCRAPER page 24: collected 480/1258
[2025-12-17T01:04:07.755804] SCRAPER page 25: collected 500/1258
[2025-12-17T01:04:08.200704] SCRAPER page 26: collected 520/1258
[2025-12-17T01:04:08.568980] SCRAPER page 27: collected 540/1258
[2025-12-17T01:04:09.066733] SCRAPER page 28: collected 560/1258
[2025-12-17T01:04:09.555132] SCRAPER page 29: collected 580/1258
[2025-12-17T01:04:09.938801] SCRAPER page 30: collected 600/1258
[2025-12-17T01:04:10.332120] SCRAPER page 31: collected 620/1258
[2025-12-17T01:04:10.762980] SCRAPER page 32: collected 629/1258
[2025-12-17T01:04:10.859473] SCRAPER finished; total 629 reviews saved
